// Jest Snapshot v1, https://jestjs.io/docs/snapshot-testing

exports[`getUserPropsBulkSetObject object without user_properties key 1`] = `[]`;

exports[`getUserPropsBulkSetObject valid object with user_properties 1`] = `
[
  [
    "set",
    "name",
    "John Doe",
  ],
  [
    "set",
    "email",
    "john@example.com",
  ],
  [
    "set",
    "age",
    30,
  ],
  [
    "set",
    "premium",
    true,
  ],
]
`;
